  Geri yüklenecek projeler belirleniyor...
  Geri yükleme için tüm projeler güncel.
  StoreApp.Data -> C:\Users\ibrahim\Desktop\asp.net\StoreApp\StoreApp.Data\bin\Debug\net9.0\StoreApp.Data.dll
C:\Program Files\dotnet\sdk\10.0.100\Microsoft.Common.CurrentVersion.targets(5080,5): warning MSB3026: "C:\Users\ibrahim\Desktop\asp.net\StoreApp\StoreApp.Data\bin\Debug\net9.0\StoreApp.Data.dll", "bin\Debug\net9.0\StoreApp.Data.dll" üzerine kopyalanamadı. 1 numaralı yeniden denemeye 1000 ms içinde başlanacak. The process cannot access the file 'C:\Users\ibrahim\Desktop\asp.net\StoreApp\StoreApp.Web\bin\Debug\net9.0\StoreApp.Data.dll' because it is being used by another process. Dosya şunun tarafından kilitlendi: "StoreApp.Web (3960)" [C:\Users\ibrahim\Desktop\asp.net\StoreApp\StoreApp.Web\StoreApp.Web.csproj]
C:\Program Files\dotnet\sdk\10.0.100\Microsoft.Common.CurrentVersion.targets(5080,5): warning MSB3026: "C:\Users\ibrahim\Desktop\asp.net\StoreApp\StoreApp.Data\bin\Debug\net9.0\StoreApp.Data.dll", "bin\Debug\net9.0\StoreApp.Data.dll" üzerine kopyalanamadı. 2 numaralı yeniden denemeye 1000 ms içinde başlanacak. The process cannot access the file 'C:\Users\ibrahim\Desktop\asp.net\StoreApp\StoreApp.Web\bin\Debug\net9.0\StoreApp.Data.dll' because it is being used by another process. Dosya şunun tarafından kilitlendi: "StoreApp.Web (3960)" [C:\Users\ibrahim\Desktop\asp.net\StoreApp\StoreApp.Web\StoreApp.Web.csproj]
C:\Program Files\dotnet\sdk\10.0.100\Microsoft.Common.CurrentVersion.targets(5080,5): warning MSB3026: "C:\Users\ibrahim\Desktop\asp.net\StoreApp\StoreApp.Data\bin\Debug\net9.0\StoreApp.Data.dll", "bin\Debug\net9.0\StoreApp.Data.dll" üzerine kopyalanamadı. 3 numaralı yeniden denemeye 1000 ms içinde başlanacak. The process cannot access the file 'C:\Users\ibrahim\Desktop\asp.net\StoreApp\StoreApp.Web\bin\Debug\net9.0\StoreApp.Data.dll' because it is being used by another process. Dosya şunun tarafından kilitlendi: "StoreApp.Web (3960)" [C:\Users\ibrahim\Desktop\asp.net\StoreApp\StoreApp.Web\StoreApp.Web.csproj]
C:\Program Files\dotnet\sdk\10.0.100\Microsoft.Common.CurrentVersion.targets(5080,5): warning MSB3026: "C:\Users\ibrahim\Desktop\asp.net\StoreApp\StoreApp.Data\bin\Debug\net9.0\StoreApp.Data.dll", "bin\Debug\net9.0\StoreApp.Data.dll" üzerine kopyalanamadı. 4 numaralı yeniden denemeye 1000 ms içinde başlanacak. The process cannot access the file 'C:\Users\ibrahim\Desktop\asp.net\StoreApp\StoreApp.Web\bin\Debug\net9.0\StoreApp.Data.dll' because it is being used by another process. Dosya şunun tarafından kilitlendi: "StoreApp.Web (3960)" [C:\Users\ibrahim\Desktop\asp.net\StoreApp\StoreApp.Web\StoreApp.Web.csproj]
C:\Program Files\dotnet\sdk\10.0.100\Microsoft.Common.CurrentVersion.targets(5080,5): warning MSB3026: "C:\Users\ibrahim\Desktop\asp.net\StoreApp\StoreApp.Data\bin\Debug\net9.0\StoreApp.Data.dll", "bin\Debug\net9.0\StoreApp.Data.dll" üzerine kopyalanamadı. 5 numaralı yeniden denemeye 1000 ms içinde başlanacak. The process cannot access the file 'C:\Users\ibrahim\Desktop\asp.net\StoreApp\StoreApp.Web\bin\Debug\net9.0\StoreApp.Data.dll' because it is being used by another process. Dosya şunun tarafından kilitlendi: "StoreApp.Web (3960)" [C:\Users\ibrahim\Desktop\asp.net\StoreApp\StoreApp.Web\StoreApp.Web.csproj]
C:\Program Files\dotnet\sdk\10.0.100\Microsoft.Common.CurrentVersion.targets(5080,5): warning MSB3026: "C:\Users\ibrahim\Desktop\asp.net\StoreApp\StoreApp.Data\bin\Debug\net9.0\StoreApp.Data.dll", "bin\Debug\net9.0\StoreApp.Data.dll" üzerine kopyalanamadı. 6 numaralı yeniden denemeye 1000 ms içinde başlanacak. The process cannot access the file 'C:\Users\ibrahim\Desktop\asp.net\StoreApp\StoreApp.Web\bin\Debug\net9.0\StoreApp.Data.dll' because it is being used by another process. Dosya şunun tarafından kilitlendi: "StoreApp.Web (3960)" [C:\Users\ibrahim\Desktop\asp.net\StoreApp\StoreApp.Web\StoreApp.Web.csproj]
C:\Program Files\dotnet\sdk\10.0.100\Microsoft.Common.CurrentVersion.targets(5080,5): warning MSB3026: "C:\Users\ibrahim\Desktop\asp.net\StoreApp\StoreApp.Data\bin\Debug\net9.0\StoreApp.Data.dll", "bin\Debug\net9.0\StoreApp.Data.dll" üzerine kopyalanamadı. 7 numaralı yeniden denemeye 1000 ms içinde başlanacak. The process cannot access the file 'C:\Users\ibrahim\Desktop\asp.net\StoreApp\StoreApp.Web\bin\Debug\net9.0\StoreApp.Data.dll' because it is being used by another process. Dosya şunun tarafından kilitlendi: "StoreApp.Web (3960)" [C:\Users\ibrahim\Desktop\asp.net\StoreApp\StoreApp.Web\StoreApp.Web.csproj]
C:\Program Files\dotnet\sdk\10.0.100\Microsoft.Common.CurrentVersion.targets(5080,5): warning MSB3026: "C:\Users\ibrahim\Desktop\asp.net\StoreApp\StoreApp.Data\bin\Debug\net9.0\StoreApp.Data.dll", "bin\Debug\net9.0\StoreApp.Data.dll" üzerine kopyalanamadı. 8 numaralı yeniden denemeye 1000 ms içinde başlanacak. The process cannot access the file 'C:\Users\ibrahim\Desktop\asp.net\StoreApp\StoreApp.Web\bin\Debug\net9.0\StoreApp.Data.dll' because it is being used by another process. Dosya şunun tarafından kilitlendi: "StoreApp.Web (3960)" [C:\Users\ibrahim\Desktop\asp.net\StoreApp\StoreApp.Web\StoreApp.Web.csproj]
C:\Program Files\dotnet\sdk\10.0.100\Microsoft.Common.CurrentVersion.targets(5080,5): warning MSB3026: "C:\Users\ibrahim\Desktop\asp.net\StoreApp\StoreApp.Data\bin\Debug\net9.0\StoreApp.Data.dll", "bin\Debug\net9.0\StoreApp.Data.dll" üzerine kopyalanamadı. 9 numaralı yeniden denemeye 1000 ms içinde başlanacak. The process cannot access the file 'C:\Users\ibrahim\Desktop\asp.net\StoreApp\StoreApp.Web\bin\Debug\net9.0\StoreApp.Data.dll' because it is being used by another process. Dosya şunun tarafından kilitlendi: "StoreApp.Web (3960)" [C:\Users\ibrahim\Desktop\asp.net\StoreApp\StoreApp.Web\StoreApp.Web.csproj]
C:\Program Files\dotnet\sdk\10.0.100\Microsoft.Common.CurrentVersion.targets(5080,5): warning MSB3026: "C:\Users\ibrahim\Desktop\asp.net\StoreApp\StoreApp.Data\bin\Debug\net9.0\StoreApp.Data.dll", "bin\Debug\net9.0\StoreApp.Data.dll" üzerine kopyalanamadı. 10 numaralı yeniden denemeye 1000 ms içinde başlanacak. The process cannot access the file 'C:\Users\ibrahim\Desktop\asp.net\StoreApp\StoreApp.Web\bin\Debug\net9.0\StoreApp.Data.dll' because it is being used by another process. Dosya şunun tarafından kilitlendi: "StoreApp.Web (3960)" [C:\Users\ibrahim\Desktop\asp.net\StoreApp\StoreApp.Web\StoreApp.Web.csproj]
C:\Program Files\dotnet\sdk\10.0.100\Microsoft.Common.CurrentVersion.targets(5080,5): error MSB3027: "C:\Users\ibrahim\Desktop\asp.net\StoreApp\StoreApp.Data\bin\Debug\net9.0\StoreApp.Data.dll", "bin\Debug\net9.0\StoreApp.Data.dll" üzerine kopyalanamadı. 10 yeniden deneme sayısı aşıldı. Başarısız oldu. Dosya şunun tarafından kilitlendi: "StoreApp.Web (3960)" [C:\Users\ibrahim\Desktop\asp.net\StoreApp\StoreApp.Web\StoreApp.Web.csproj]
C:\Program Files\dotnet\sdk\10.0.100\Microsoft.Common.CurrentVersion.targets(5080,5): error MSB3021: "C:\Users\ibrahim\Desktop\asp.net\StoreApp\StoreApp.Data\bin\Debug\net9.0\StoreApp.Data.dll" dosyası "bin\Debug\net9.0\StoreApp.Data.dll" üzerine kopyalanamıyor. The process cannot access the file 'C:\Users\ibrahim\Desktop\asp.net\StoreApp\StoreApp.Web\bin\Debug\net9.0\StoreApp.Data.dll' because it is being used by another process. [C:\Users\ibrahim\Desktop\asp.net\StoreApp\StoreApp.Web\StoreApp.Web.csproj]

Oluşturma BAŞARISIZ OLDU.

C:\Program Files\dotnet\sdk\10.0.100\Microsoft.Common.CurrentVersion.targets(5080,5): warning MSB3026: "C:\Users\ibrahim\Desktop\asp.net\StoreApp\StoreApp.Data\bin\Debug\net9.0\StoreApp.Data.dll", "bin\Debug\net9.0\StoreApp.Data.dll" üzerine kopyalanamadı. 1 numaralı yeniden denemeye 1000 ms içinde başlanacak. The process cannot access the file 'C:\Users\ibrahim\Desktop\asp.net\StoreApp\StoreApp.Web\bin\Debug\net9.0\StoreApp.Data.dll' because it is being used by another process. Dosya şunun tarafından kilitlendi: "StoreApp.Web (3960)" [C:\Users\ibrahim\Desktop\asp.net\StoreApp\StoreApp.Web\StoreApp.Web.csproj]
C:\Program Files\dotnet\sdk\10.0.100\Microsoft.Common.CurrentVersion.targets(5080,5): warning MSB3026: "C:\Users\ibrahim\Desktop\asp.net\StoreApp\StoreApp.Data\bin\Debug\net9.0\StoreApp.Data.dll", "bin\Debug\net9.0\StoreApp.Data.dll" üzerine kopyalanamadı. 2 numaralı yeniden denemeye 1000 ms içinde başlanacak. The process cannot access the file 'C:\Users\ibrahim\Desktop\asp.net\StoreApp\StoreApp.Web\bin\Debug\net9.0\StoreApp.Data.dll' because it is being used by another process. Dosya şunun tarafından kilitlendi: "StoreApp.Web (3960)" [C:\Users\ibrahim\Desktop\asp.net\StoreApp\StoreApp.Web\StoreApp.Web.csproj]
C:\Program Files\dotnet\sdk\10.0.100\Microsoft.Common.CurrentVersion.targets(5080,5): warning MSB3026: "C:\Users\ibrahim\Desktop\asp.net\StoreApp\StoreApp.Data\bin\Debug\net9.0\StoreApp.Data.dll", "bin\Debug\net9.0\StoreApp.Data.dll" üzerine kopyalanamadı. 3 numaralı yeniden denemeye 1000 ms içinde başlanacak. The process cannot access the file 'C:\Users\ibrahim\Desktop\asp.net\StoreApp\StoreApp.Web\bin\Debug\net9.0\StoreApp.Data.dll' because it is being used by another process. Dosya şunun tarafından kilitlendi: "StoreApp.Web (3960)" [C:\Users\ibrahim\Desktop\asp.net\StoreApp\StoreApp.Web\StoreApp.Web.csproj]
C:\Program Files\dotnet\sdk\10.0.100\Microsoft.Common.CurrentVersion.targets(5080,5): warning MSB3026: "C:\Users\ibrahim\Desktop\asp.net\StoreApp\StoreApp.Data\bin\Debug\net9.0\StoreApp.Data.dll", "bin\Debug\net9.0\StoreApp.Data.dll" üzerine kopyalanamadı. 4 numaralı yeniden denemeye 1000 ms içinde başlanacak. The process cannot access the file 'C:\Users\ibrahim\Desktop\asp.net\StoreApp\StoreApp.Web\bin\Debug\net9.0\StoreApp.Data.dll' because it is being used by another process. Dosya şunun tarafından kilitlendi: "StoreApp.Web (3960)" [C:\Users\ibrahim\Desktop\asp.net\StoreApp\StoreApp.Web\StoreApp.Web.csproj]
C:\Program Files\dotnet\sdk\10.0.100\Microsoft.Common.CurrentVersion.targets(5080,5): warning MSB3026: "C:\Users\ibrahim\Desktop\asp.net\StoreApp\StoreApp.Data\bin\Debug\net9.0\StoreApp.Data.dll", "bin\Debug\net9.0\StoreApp.Data.dll" üzerine kopyalanamadı. 5 numaralı yeniden denemeye 1000 ms içinde başlanacak. The process cannot access the file 'C:\Users\ibrahim\Desktop\asp.net\StoreApp\StoreApp.Web\bin\Debug\net9.0\StoreApp.Data.dll' because it is being used by another process. Dosya şunun tarafından kilitlendi: "StoreApp.Web (3960)" [C:\Users\ibrahim\Desktop\asp.net\StoreApp\StoreApp.Web\StoreApp.Web.csproj]
C:\Program Files\dotnet\sdk\10.0.100\Microsoft.Common.CurrentVersion.targets(5080,5): warning MSB3026: "C:\Users\ibrahim\Desktop\asp.net\StoreApp\StoreApp.Data\bin\Debug\net9.0\StoreApp.Data.dll", "bin\Debug\net9.0\StoreApp.Data.dll" üzerine kopyalanamadı. 6 numaralı yeniden denemeye 1000 ms içinde başlanacak. The process cannot access the file 'C:\Users\ibrahim\Desktop\asp.net\StoreApp\StoreApp.Web\bin\Debug\net9.0\StoreApp.Data.dll' because it is being used by another process. Dosya şunun tarafından kilitlendi: "StoreApp.Web (3960)" [C:\Users\ibrahim\Desktop\asp.net\StoreApp\StoreApp.Web\StoreApp.Web.csproj]
C:\Program Files\dotnet\sdk\10.0.100\Microsoft.Common.CurrentVersion.targets(5080,5): warning MSB3026: "C:\Users\ibrahim\Desktop\asp.net\StoreApp\StoreApp.Data\bin\Debug\net9.0\StoreApp.Data.dll", "bin\Debug\net9.0\StoreApp.Data.dll" üzerine kopyalanamadı. 7 numaralı yeniden denemeye 1000 ms içinde başlanacak. The process cannot access the file 'C:\Users\ibrahim\Desktop\asp.net\StoreApp\StoreApp.Web\bin\Debug\net9.0\StoreApp.Data.dll' because it is being used by another process. Dosya şunun tarafından kilitlendi: "StoreApp.Web (3960)" [C:\Users\ibrahim\Desktop\asp.net\StoreApp\StoreApp.Web\StoreApp.Web.csproj]
C:\Program Files\dotnet\sdk\10.0.100\Microsoft.Common.CurrentVersion.targets(5080,5): warning MSB3026: "C:\Users\ibrahim\Desktop\asp.net\StoreApp\StoreApp.Data\bin\Debug\net9.0\StoreApp.Data.dll", "bin\Debug\net9.0\StoreApp.Data.dll" üzerine kopyalanamadı. 8 numaralı yeniden denemeye 1000 ms içinde başlanacak. The process cannot access the file 'C:\Users\ibrahim\Desktop\asp.net\StoreApp\StoreApp.Web\bin\Debug\net9.0\StoreApp.Data.dll' because it is being used by another process. Dosya şunun tarafından kilitlendi: "StoreApp.Web (3960)" [C:\Users\ibrahim\Desktop\asp.net\StoreApp\StoreApp.Web\StoreApp.Web.csproj]
C:\Program Files\dotnet\sdk\10.0.100\Microsoft.Common.CurrentVersion.targets(5080,5): warning MSB3026: "C:\Users\ibrahim\Desktop\asp.net\StoreApp\StoreApp.Data\bin\Debug\net9.0\StoreApp.Data.dll", "bin\Debug\net9.0\StoreApp.Data.dll" üzerine kopyalanamadı. 9 numaralı yeniden denemeye 1000 ms içinde başlanacak. The process cannot access the file 'C:\Users\ibrahim\Desktop\asp.net\StoreApp\StoreApp.Web\bin\Debug\net9.0\StoreApp.Data.dll' because it is being used by another process. Dosya şunun tarafından kilitlendi: "StoreApp.Web (3960)" [C:\Users\ibrahim\Desktop\asp.net\StoreApp\StoreApp.Web\StoreApp.Web.csproj]
C:\Program Files\dotnet\sdk\10.0.100\Microsoft.Common.CurrentVersion.targets(5080,5): warning MSB3026: "C:\Users\ibrahim\Desktop\asp.net\StoreApp\StoreApp.Data\bin\Debug\net9.0\StoreApp.Data.dll", "bin\Debug\net9.0\StoreApp.Data.dll" üzerine kopyalanamadı. 10 numaralı yeniden denemeye 1000 ms içinde başlanacak. The process cannot access the file 'C:\Users\ibrahim\Desktop\asp.net\StoreApp\StoreApp.Web\bin\Debug\net9.0\StoreApp.Data.dll' because it is being used by another process. Dosya şunun tarafından kilitlendi: "StoreApp.Web (3960)" [C:\Users\ibrahim\Desktop\asp.net\StoreApp\StoreApp.Web\StoreApp.Web.csproj]
C:\Program Files\dotnet\sdk\10.0.100\Microsoft.Common.CurrentVersion.targets(5080,5): error MSB3027: "C:\Users\ibrahim\Desktop\asp.net\StoreApp\StoreApp.Data\bin\Debug\net9.0\StoreApp.Data.dll", "bin\Debug\net9.0\StoreApp.Data.dll" üzerine kopyalanamadı. 10 yeniden deneme sayısı aşıldı. Başarısız oldu. Dosya şunun tarafından kilitlendi: "StoreApp.Web (3960)" [C:\Users\ibrahim\Desktop\asp.net\StoreApp\StoreApp.Web\StoreApp.Web.csproj]
C:\Program Files\dotnet\sdk\10.0.100\Microsoft.Common.CurrentVersion.targets(5080,5): error MSB3021: "C:\Users\ibrahim\Desktop\asp.net\StoreApp\StoreApp.Data\bin\Debug\net9.0\StoreApp.Data.dll" dosyası "bin\Debug\net9.0\StoreApp.Data.dll" üzerine kopyalanamıyor. The process cannot access the file 'C:\Users\ibrahim\Desktop\asp.net\StoreApp\StoreApp.Web\bin\Debug\net9.0\StoreApp.Data.dll' because it is being used by another process. [C:\Users\ibrahim\Desktop\asp.net\StoreApp\StoreApp.Web\StoreApp.Web.csproj]
    10 Uyarı
    2 Hata

Geçen Süre 00:00:12.21
